2026-08-12 13:49:29.274: [INFO] CurrentProfilePath: C:\Users\Rushikesh\eclipse-workspace\.metadata\.plugins\org.eclipse.swt\EBWebView\Default
2026-08-12 13:49:29.274: [INFO] Profiles total count: 1
2026-08-12 13:49:29.274: [INFO] Profile: name=Profile 1 path=C:\Users\Rushikesh\eclipse-workspace\.metadata\.plugins\org.eclipse.swt\EBWebView\Default lastActive=null
2026-08-12 13:49:29.274: [INFO] LastUsedProfileDir: C:\Users\Rushikesh\eclipse-workspace\.metadata\.plugins\org.eclipse.swt\EBWebView\Default
2026-08-12 13:49:29.274: [INFO] OnDoneLoading sync enabled: 0
2026-08-12 13:49:29.274: [INFO] BookmarkModelLoaded, ids_reassigned: 0
2026-08-12 13:49:29.274: [INFO] BookmarksLoadDropped droppedNodes=0
2026-08-12 13:49:29.274: [INFO] BookmarksSnapshot Startup total=0 bar=0 other=0 mobile=0 showBar=0 showBarNTP=1
2026-08-12 13:49:39.597: [INFO] BookmarksSnapshot Shutdown total=0 bar=0 other=0 mobile=0 showBar=0 showBarNTP=1
2026-08-12 13:49:43.875: [INFO] CurrentProfilePath: C:\Users\Rushikesh\eclipse-workspace\.metadata\.plugins\org.eclipse.swt\EBWebView\Default
2026-08-12 13:49:43.875: [INFO] Profiles total count: 1
2026-08-12 13:49:43.879: [INFO] Profile: name=Profile 1 path=C:\Users\Rushikesh\eclipse-workspace\.metadata\.plugins\org.eclipse.swt\EBWebView\Default lastActive=2026-08-12T13:49:29.751Z
2026-08-12 13:49:43.879: [INFO] LastUsedProfileDir: C:\Users\Rushikesh\eclipse-workspace\.metadata\.plugins\org.eclipse.swt\EBWebView\Default
2026-08-12 13:49:43.879: [INFO] MostRecentlyActiveProfile: name=Profile 1 path=C:\Users\Rushikesh\eclipse-workspace\.metadata\.plugins\org.eclipse.swt\EBWebView\Default lastActive=2026-08-12T13:49:29.751Z
2026-08-12 13:49:43.879: [INFO] OnDoneLoading sync enabled: 0
2026-08-12 13:49:43.879: [INFO] BookmarkModelLoaded, ids_reassigned: 0
2026-08-12 13:49:43.879: [INFO] BookmarksLoadDropped droppedNodes=0
2026-08-12 13:49:43.879: [INFO] BookmarksSnapshot Startup total=0 bar=0 other=0 mobile=0 showBar=0 showBarNTP=1
2026-08-12 13:51:30.032: [INFO] BookmarksSnapshot Shutdown total=0 bar=0 other=0 mobile=0 showBar=0 showBarNTP=1
2026-08-12 13:53:04.092: [INFO] CurrentProfilePath: C:\Users\Rushikesh\eclipse-workspace\.metadata\.plugins\org.eclipse.swt\EBWebView\Default
2026-08-12 13:53:04.092: [INFO] Profiles total count: 1
2026-08-12 13:53:04.095: [INFO] Profile: name=Profile 1 path=C:\Users\Rushikesh\eclipse-workspace\.metadata\.plugins\org.eclipse.swt\EBWebView\Default lastActive=2026-08-12T13:50:02.040Z
2026-08-12 13:53:04.095: [INFO] LastUsedProfileDir: C:\Users\Rushikesh\eclipse-workspace\.metadata\.plugins\org.eclipse.swt\EBWebView\Default
2026-08-12 13:53:04.095: [INFO] MostRecentlyActiveProfile: name=Profile 1 path=C:\Users\Rushikesh\eclipse-workspace\.metadata\.plugins\org.eclipse.swt\EBWebView\Default lastActive=2026-08-12T13:50:02.040Z
2026-08-12 13:53:04.095: [INFO] OnDoneLoading sync enabled: 0
2026-08-12 13:53:04.095: [INFO] BookmarkModelLoaded, ids_reassigned: 0
2026-08-12 13:53:04.095: [INFO] BookmarksLoadDropped droppedNodes=0
2026-08-12 13:53:04.095: [INFO] BookmarksSnapshot Startup total=0 bar=0 other=0 mobile=0 showBar=0 showBarNTP=1
2026-08-12 14:31:57.926: [INFO] BookmarksSnapshot Shutdown total=0 bar=0 other=0 mobile=0 showBar=0 showBarNTP=1
2026-08-12 14:32:25.245: [INFO] CurrentProfilePath: C:\Users\Rushikesh\eclipse-workspace\.metadata\.plugins\org.eclipse.swt\EBWebView\Default
2026-08-12 14:32:25.245: [INFO] Profiles total count: 1
2026-08-12 14:32:25.248: [INFO] Profile: name=Profile 1 path=C:\Users\Rushikesh\eclipse-workspace\.metadata\.plugins\org.eclipse.swt\EBWebView\Default lastActive=2026-08-12T13:54:10.022Z
2026-08-12 14:32:25.248: [INFO] LastUsedProfileDir: C:\Users\Rushikesh\eclipse-workspace\.metadata\.plugins\org.eclipse.swt\EBWebView\Default
2026-08-12 14:32:25.248: [INFO] MostRecentlyActiveProfile: name=Profile 1 path=C:\Users\Rushikesh\eclipse-workspace\.metadata\.plugins\org.eclipse.swt\EBWebView\Default lastActive=2026-08-12T13:54:10.022Z
2026-08-12 14:32:25.248: [INFO] OnDoneLoading sync enabled: 0
2026-08-12 14:32:25.248: [INFO] BookmarkModelLoaded, ids_reassigned: 0
2026-08-12 14:32:25.248: [INFO] BookmarksLoadDropped droppedNodes=0
2026-08-12 14:32:25.248: [INFO] BookmarksSnapshot Startup total=0 bar=0 other=0 mobile=0 showBar=0 showBarNTP=1
2026-08-12 14:43:56.276: [INFO] BookmarksSnapshot Shutdown total=0 bar=0 other=0 mobile=0 showBar=0 showBarNTP=1
2026-08-18 04:58:25.063: [INFO] CurrentProfilePath: C:\Users\Rushikesh\eclipse-workspace\.metadata\.plugins\org.eclipse.swt\EBWebView\Default
2026-08-18 04:58:25.063: [INFO] Profiles total count: 1
2026-08-18 04:58:25.066: [INFO] Profile: name=Profile 1 path=C:\Users\Rushikesh\eclipse-workspace\.metadata\.plugins\org.eclipse.swt\EBWebView\Default lastActive=2026-08-12T13:54:10.022Z
2026-08-18 04:58:25.066: [INFO] LastUsedProfileDir: C:\Users\Rushikesh\eclipse-workspace\.metadata\.plugins\org.eclipse.swt\EBWebView\Default
2026-08-18 04:58:25.066: [INFO] MostRecentlyActiveProfile: name=Profile 1 path=C:\Users\Rushikesh\eclipse-workspace\.metadata\.plugins\org.eclipse.swt\EBWebView\Default lastActive=2026-08-12T13:54:10.022Z
2026-08-18 04:58:25.066: [INFO] OnDoneLoading sync enabled: 0
2026-08-18 04:58:25.066: [INFO] BookmarkModelLoaded, ids_reassigned: 0
2026-08-18 04:58:25.066: [INFO] BookmarksLoadDropped droppedNodes=0
2026-08-18 04:58:25.066: [INFO] BookmarksSnapshot Startup total=0 bar=0 other=0 mobile=0 showBar=0 showBarNTP=1
2026-08-18 06:28:16.551: [INFO] BookmarksSnapshot Shutdown total=0 bar=0 other=0 mobile=0 showBar=0 showBarNTP=1
2026-10-05 03:32:32.901: [INFO] CurrentProfilePath: C:\Users\Rushikesh\eclipse-workspace\.metadata\.plugins\org.eclipse.swt\EBWebView\Default
2026-10-05 03:32:32.901: [INFO] Profiles total count: 1
2026-10-05 03:32:32.901: [INFO] Profile: name=Profile 1 path=C:\Users\Rushikesh\eclipse-workspace\.metadata\.plugins\org.eclipse.swt\EBWebView\Default lastActive=2026-08-12T13:54:10.022Z
2026-10-05 03:32:32.901: [INFO] LastUsedProfileDir: C:\Users\Rushikesh\eclipse-workspace\.metadata\.plugins\org.eclipse.swt\EBWebView\Default
2026-10-05 03:32:32.901: [INFO] MostRecentlyActiveProfile: name=Profile 1 path=C:\Users\Rushikesh\eclipse-workspace\.metadata\.plugins\org.eclipse.swt\EBWebView\Default lastActive=2026-08-12T13:54:10.022Z
2026-10-05 03:32:32.901: [INFO] OnDoneLoading sync enabled: 0
2026-10-05 03:32:32.901: [INFO] BookmarkModelLoaded, ids_reassigned: 0
2026-10-05 03:32:32.901: [INFO] BookmarksLoadDropped droppedNodes=0
2026-10-05 03:32:32.901: [INFO] BookmarksSnapshot Startup total=0 bar=0 other=0 mobile=0 showBar=0 showBarNTP=1
2026-10-05 03:34:07.390: [INFO] BookmarksSnapshot Shutdown total=0 bar=0 other=0 mobile=0 showBar=0 showBarNTP=1
2026-10-05 03:37:05.951: [INFO] CurrentProfilePath: C:\Users\Rushikesh\eclipse-workspace\.metadata\.plugins\org.eclipse.swt\EBWebView\Default
2026-10-05 03:37:05.951: [INFO] Profiles total count: 1
2026-10-05 03:37:05.952: [INFO] Profile: name=Profile 1 path=C:\Users\Rushikesh\eclipse-workspace\.metadata\.plugins\org.eclipse.swt\EBWebView\Default lastActive=2026-10-05T03:33:53.673Z
2026-10-05 03:37:05.952: [INFO] LastUsedProfileDir: C:\Users\Rushikesh\eclipse-workspace\.metadata\.plugins\org.eclipse.swt\EBWebView\Default
2026-10-05 03:37:05.952: [INFO] MostRecentlyActiveProfile: name=Profile 1 path=C:\Users\Rushikesh\eclipse-workspace\.metadata\.plugins\org.eclipse.swt\EBWebView\Default lastActive=2026-10-05T03:33:53.673Z
2026-10-05 03:37:05.952: [INFO] OnDoneLoading sync enabled: 0
2026-10-05 03:37:05.952: [INFO] BookmarkModelLoaded, ids_reassigned: 0
2026-10-05 03:37:05.952: [INFO] BookmarksLoadDropped droppedNodes=0
2026-10-05 03:37:05.952: [INFO] BookmarksSnapshot Startup total=0 bar=0 other=0 mobile=0 showBar=0 showBarNTP=1
2026-10-05 03:37:08.904: [INFO] BookmarksSnapshot Shutdown total=0 bar=0 other=0 mobile=0 showBar=0 showBarNTP=1
2026-10-05 04:11:03.001: [INFO] CurrentProfilePath: C:\Users\Rushikesh\eclipse-workspace\.metadata\.plugins\org.eclipse.swt\EBWebView\Default
2026-10-05 04:11:03.001: [INFO] Profiles total count: 1
2026-10-05 04:11:03.002: [INFO] Profile: name=Profile 1 path=C:\Users\Rushikesh\eclipse-workspace\.metadata\.plugins\org.eclipse.swt\EBWebView\Default lastActive=2026-10-05T03:37:07.164Z
2026-10-05 04:11:03.002: [INFO] LastUsedProfileDir: C:\Users\Rushikesh\eclipse-workspace\.metadata\.plugins\org.eclipse.swt\EBWebView\Default
2026-10-05 04:11:03.002: [INFO] MostRecentlyActiveProfile: name=Profile 1 path=C:\Users\Rushikesh\eclipse-workspace\.metadata\.plugins\org.eclipse.swt\EBWebView\Default lastActive=2026-10-05T03:37:07.164Z
2026-10-05 04:11:03.002: [INFO] OnDoneLoading sync enabled: 0
2026-10-05 04:11:03.002: [INFO] BookmarkModelLoaded, ids_reassigned: 0
2026-10-05 04:11:03.002: [INFO] BookmarksLoadDropped droppedNodes=0
2026-10-05 04:11:03.002: [INFO] BookmarksSnapshot Startup total=0 bar=0 other=0 mobile=0 showBar=0 showBarNTP=1
2026-10-05 04:11:06.056: [INFO] BookmarksSnapshot Shutdown total=0 bar=0 other=0 mobile=0 showBar=0 showBarNTP=1
2026-10-05 05:46:31.373: [INFO] CurrentProfilePath: C:\Users\Rushikesh\eclipse-workspace\.metadata\.plugins\org.eclipse.swt\EBWebView\Default
2026-10-05 05:46:31.373: [INFO] Profiles total count: 1
2026-10-05 05:46:31.373: [INFO] Profile: name=Profile 1 path=C:\Users\Rushikesh\eclipse-workspace\.metadata\.plugins\org.eclipse.swt\EBWebView\Default lastActive=2026-10-05T03:37:07.164Z
2026-10-05 05:46:31.373: [INFO] LastUsedProfileDir: C:\Users\Rushikesh\eclipse-workspace\.metadata\.plugins\org.eclipse.swt\EBWebView\Default
2026-10-05 05:46:31.373: [INFO] MostRecentlyActiveProfile: name=Profile 1 path=C:\Users\Rushikesh\eclipse-workspace\.metadata\.plugins\org.eclipse.swt\EBWebView\Default lastActive=2026-10-05T03:37:07.164Z
2026-10-05 05:46:31.373: [INFO] OnDoneLoading sync enabled: 0
2026-10-05 05:46:31.373: [INFO] BookmarkModelLoaded, ids_reassigned: 0
2026-10-05 05:46:31.373: [INFO] BookmarksLoadDropped droppedNodes=0
2026-10-05 05:46:31.373: [INFO] BookmarksSnapshot Startup total=0 bar=0 other=0 mobile=0 showBar=0 showBarNTP=1
2026-10-05 05:46:39.542: [INFO] BookmarksSnapshot Shutdown total=0 bar=0 other=0 mobile=0 showBar=0 showBarNTP=1
2026-10-05 05:52:18.381: [INFO] CurrentProfilePath: C:\Users\Rushikesh\eclipse-workspace\.metadata\.plugins\org.eclipse.swt\EBWebView\Default
2026-10-05 05:52:18.381: [INFO] Profiles total count: 1
2026-10-05 05:52:18.382: [INFO] Profile: name=Profile 1 path=C:\Users\Rushikesh\eclipse-workspace\.metadata\.plugins\org.eclipse.swt\EBWebView\Default lastActive=2026-10-05T05:46:37.084Z
2026-10-05 05:52:18.382: [INFO] LastUsedProfileDir: C:\Users\Rushikesh\eclipse-workspace\.metadata\.plugins\org.eclipse.swt\EBWebView\Default
2026-10-05 05:52:18.382: [INFO] MostRecentlyActiveProfile: name=Profile 1 path=C:\Users\Rushikesh\eclipse-workspace\.metadata\.plugins\org.eclipse.swt\EBWebView\Default lastActive=2026-10-05T05:46:37.084Z
2026-10-05 05:52:18.382: [INFO] OnDoneLoading sync enabled: 0
2026-10-05 05:52:18.382: [INFO] BookmarkModelLoaded, ids_reassigned: 0
2026-10-05 05:52:18.382: [INFO] BookmarksLoadDropped droppedNodes=0
2026-10-05 05:52:18.382: [INFO] BookmarksSnapshot Startup total=0 bar=0 other=0 mobile=0 showBar=0 showBarNTP=1
2026-10-05 05:52:22.940: [INFO] BookmarksSnapshot Shutdown total=0 bar=0 other=0 mobile=0 showBar=0 showBarNTP=1
2026-10-05 05:54:06.328: [INFO] CurrentProfilePath: C:\Users\Rushikesh\eclipse-workspace\.metadata\.plugins\org.eclipse.swt\EBWebView\Default
2026-10-05 05:54:06.328: [INFO] Profiles total count: 1
2026-10-05 05:54:06.328: [INFO] Profile: name=Profile 1 path=C:\Users\Rushikesh\eclipse-workspace\.metadata\.plugins\org.eclipse.swt\EBWebView\Default lastActive=2026-10-05T05:46:37.084Z
2026-10-05 05:54:06.328: [INFO] LastUsedProfileDir: C:\Users\Rushikesh\eclipse-workspace\.metadata\.plugins\org.eclipse.swt\EBWebView\Default
2026-10-05 05:54:06.328: [INFO] MostRecentlyActiveProfile: name=Profile 1 path=C:\Users\Rushikesh\eclipse-workspace\.metadata\.plugins\org.eclipse.swt\EBWebView\Default lastActive=2026-10-05T05:46:37.084Z
2026-10-05 05:54:06.328: [INFO] OnDoneLoading sync enabled: 0
2026-10-05 05:54:06.328: [INFO] BookmarkModelLoaded, ids_reassigned: 0
2026-10-05 05:54:06.328: [INFO] BookmarksLoadDropped droppedNodes=0
2026-10-05 05:54:06.328: [INFO] BookmarksSnapshot Startup total=0 bar=0 other=0 mobile=0 showBar=0 showBarNTP=1
2026-10-05 06:00:18.212: [INFO] BookmarksSnapshot Shutdown total=0 bar=0 other=0 mobile=0 showBar=0 showBarNTP=1
2026-10-05 06:00:42.786: [INFO] CurrentProfilePath: C:\Users\Rushikesh\eclipse-workspace\.metadata\.plugins\org.eclipse.swt\EBWebView\Default
2026-10-05 06:00:42.786: [INFO] Profiles total count: 1
2026-10-05 06:00:42.786: [INFO] Profile: name=Profile 1 path=C:\Users\Rushikesh\eclipse-workspace\.metadata\.plugins\org.eclipse.swt\EBWebView\Default lastActive=2026-10-05T05:46:37.084Z
2026-10-05 06:00:42.786: [INFO] LastUsedProfileDir: C:\Users\Rushikesh\eclipse-workspace\.metadata\.plugins\org.eclipse.swt\EBWebView\Default
2026-10-05 06:00:42.786: [INFO] MostRecentlyActiveProfile: name=Profile 1 path=C:\Users\Rushikesh\eclipse-workspace\.metadata\.plugins\org.eclipse.swt\EBWebView\Default lastActive=2026-10-05T05:46:37.084Z
2026-10-05 06:00:42.786: [INFO] OnDoneLoading sync enabled: 0
2026-10-05 06:00:42.786: [INFO] BookmarkModelLoaded, ids_reassigned: 0
2026-10-05 06:00:42.786: [INFO] BookmarksLoadDropped droppedNodes=0
2026-10-05 06:00:42.786: [INFO] BookmarksSnapshot Startup total=0 bar=0 other=0 mobile=0 showBar=0 showBarNTP=1
2026-10-05 06:00:46.304: [INFO] BookmarksSnapshot Shutdown total=0 bar=0 other=0 mobile=0 showBar=0 showBarNTP=1
2026-10-05 06:27:06.751: [INFO] CurrentProfilePath: C:\Users\Rushikesh\eclipse-workspace\.metadata\.plugins\org.eclipse.swt\EBWebView\Default
2026-10-05 06:27:06.751: [INFO] Profiles total count: 1
2026-10-05 06:27:06.754: [INFO] Profile: name=Profile 1 path=C:\Users\Rushikesh\eclipse-workspace\.metadata\.plugins\org.eclipse.swt\EBWebView\Default lastActive=2026-10-05T05:46:37.084Z
2026-10-05 06:27:06.754: [INFO] LastUsedProfileDir: C:\Users\Rushikesh\eclipse-workspace\.metadata\.plugins\org.eclipse.swt\EBWebView\Default
2026-10-05 06:27:06.755: [INFO] MostRecentlyActiveProfile: name=Profile 1 path=C:\Users\Rushikesh\eclipse-workspace\.metadata\.plugins\org.eclipse.swt\EBWebView\Default lastActive=2026-10-05T05:46:37.084Z
2026-10-05 06:27:06.755: [INFO] OnDoneLoading sync enabled: 0
2026-10-05 06:27:06.755: [INFO] BookmarkModelLoaded, ids_reassigned: 0
2026-10-05 06:27:06.755: [INFO] BookmarksLoadDropped droppedNodes=0
2026-10-05 06:27:06.755: [INFO] BookmarksSnapshot Startup total=0 bar=0 other=0 mobile=0 showBar=0 showBarNTP=1
2026-10-05 06:27:39.837: [INFO] BookmarksSnapshot Shutdown total=0 bar=0 other=0 mobile=0 showBar=0 showBarNTP=1
2026-10-05 07:00:17.560: [INFO] CurrentProfilePath: C:\Users\Rushikesh\eclipse-workspace\.metadata\.plugins\org.eclipse.swt\EBWebView\Default
2026-10-05 07:00:17.560: [INFO] Profiles total count: 1
2026-10-05 07:00:17.562: [INFO] Profile: name=Profile 1 path=C:\Users\Rushikesh\eclipse-workspace\.metadata\.plugins\org.eclipse.swt\EBWebView\Default lastActive=2026-10-05T05:46:37.084Z
2026-10-05 07:00:17.562: [INFO] LastUsedProfileDir: C:\Users\Rushikesh\eclipse-workspace\.metadata\.plugins\org.eclipse.swt\EBWebView\Default
2026-10-05 07:00:17.562: [INFO] MostRecentlyActiveProfile: name=Profile 1 path=C:\Users\Rushikesh\eclipse-workspace\.metadata\.plugins\org.eclipse.swt\EBWebView\Default lastActive=2026-10-05T05:46:37.084Z
2026-10-05 07:00:17.562: [INFO] OnDoneLoading sync enabled: 0
2026-10-05 07:00:17.562: [INFO] BookmarkModelLoaded, ids_reassigned: 0
2026-10-05 07:00:17.562: [INFO] BookmarksLoadDropped droppedNodes=0
2026-10-05 07:00:17.562: [INFO] BookmarksSnapshot Startup total=0 bar=0 other=0 mobile=0 showBar=0 showBarNTP=1
2026-10-05 07:02:20.587: [INFO] BookmarksSnapshot Shutdown total=0 bar=0 other=0 mobile=0 showBar=0 showBarNTP=1
2026-10-06 02:57:52.952: [INFO] CurrentProfilePath: C:\Users\Rushikesh\eclipse-workspace\.metadata\.plugins\org.eclipse.swt\EBWebView\Default
2026-10-06 02:57:52.952: [INFO] Profiles total count: 1
2026-10-06 02:57:52.954: [INFO] Profile: name=Profile 1 path=C:\Users\Rushikesh\eclipse-workspace\.metadata\.plugins\org.eclipse.swt\EBWebView\Default lastActive=2026-10-05T05:46:37.084Z
2026-10-06 02:57:52.954: [INFO] LastUsedProfileDir: C:\Users\Rushikesh\eclipse-workspace\.metadata\.plugins\org.eclipse.swt\EBWebView\Default
2026-10-06 02:57:52.954: [INFO] MostRecentlyActiveProfile: name=Profile 1 path=C:\Users\Rushikesh\eclipse-workspace\.metadata\.plugins\org.eclipse.swt\EBWebView\Default lastActive=2026-10-05T05:46:37.084Z
2026-10-06 02:57:52.954: [INFO] OnDoneLoading sync enabled: 0
2026-10-06 02:57:52.954: [INFO] BookmarkModelLoaded, ids_reassigned: 0
2026-10-06 02:57:52.954: [INFO] BookmarksLoadDropped droppedNodes=0
2026-10-06 02:57:52.954: [INFO] BookmarksSnapshot Startup total=0 bar=0 other=0 mobile=0 showBar=0 showBarNTP=1
2026-10-06 03:01:59.969: [INFO] BookmarksSnapshot Shutdown total=0 bar=0 other=0 mobile=0 showBar=0 showBarNTP=1
2026-10-06 03:11:13.535: [INFO] CurrentProfilePath: C:\Users\Rushikesh\eclipse-workspace\.metadata\.plugins\org.eclipse.swt\EBWebView\Default
2026-10-06 03:11:13.535: [INFO] Profiles total count: 1
2026-10-06 03:11:13.535: [INFO] Profile: name=Profile 1 path=C:\Users\Rushikesh\eclipse-workspace\.metadata\.plugins\org.eclipse.swt\EBWebView\Default lastActive=2026-10-06T03:01:51.869Z
2026-10-06 03:11:13.535: [INFO] LastUsedProfileDir: C:\Users\Rushikesh\eclipse-workspace\.metadata\.plugins\org.eclipse.swt\EBWebView\Default
2026-10-06 03:11:13.535: [INFO] MostRecentlyActiveProfile: name=Profile 1 path=C:\Users\Rushikesh\eclipse-workspace\.metadata\.plugins\org.eclipse.swt\EBWebView\Default lastActive=2026-10-06T03:01:51.869Z
2026-10-06 03:11:13.535: [INFO] OnDoneLoading sync enabled: 0
2026-10-06 03:11:13.535: [INFO] BookmarkModelLoaded, ids_reassigned: 0
2026-10-06 03:11:13.535: [INFO] BookmarksLoadDropped droppedNodes=0
2026-10-06 03:11:13.535: [INFO] BookmarksSnapshot Startup total=0 bar=0 other=0 mobile=0 showBar=0 showBarNTP=1
2026-10-06 04:24:39.230: [INFO] BookmarksSnapshot Shutdown total=0 bar=0 other=0 mobile=0 showBar=0 showBarNTP=1
2026-10-06 12:20:41.692: [INFO] CurrentProfilePath: C:\Users\Rushikesh\eclipse-workspace\.metadata\.plugins\org.eclipse.swt\EBWebView\Default
2026-10-06 12:20:41.692: [INFO] Profiles total count: 1
2026-10-06 12:20:41.692: [INFO] Profile: name=Profile 1 path=C:\Users\Rushikesh\eclipse-workspace\.metadata\.plugins\org.eclipse.swt\EBWebView\Default lastActive=2026-10-06T03:01:51.869Z
2026-10-06 12:20:41.692: [INFO] LastUsedProfileDir: C:\Users\Rushikesh\eclipse-workspace\.metadata\.plugins\org.eclipse.swt\EBWebView\Default
2026-10-06 12:20:41.692: [INFO] MostRecentlyActiveProfile: name=Profile 1 path=C:\Users\Rushikesh\eclipse-workspace\.metadata\.plugins\org.eclipse.swt\EBWebView\Default lastActive=2026-10-06T03:01:51.869Z
2026-10-06 12:20:41.692: [INFO] OnDoneLoading sync enabled: 0
2026-10-06 12:20:41.692: [INFO] BookmarkModelLoaded, ids_reassigned: 0
2026-10-06 12:20:41.692: [INFO] BookmarksLoadDropped droppedNodes=0
2026-10-06 12:20:41.692: [INFO] BookmarksSnapshot Startup total=0 bar=0 other=0 mobile=0 showBar=0 showBarNTP=1
2026-10-06 12:23:17.588: [INFO] BookmarksSnapshot Shutdown total=0 bar=0 other=0 mobile=0 showBar=0 showBarNTP=1
